Microchip MPLAB XC8 Compiler V2.35

Linker command line:

-W-3 --edf=C:\Program Files\Microchip\xc8\v2.35\pic\dat\en_msgs.txt -cn \
  -h+dist/default/production\Lab5.X.production.sym \
  --cmf=dist/default/production\Lab5.X.production.cmf -z -Q16F886 \
  -oC:\Users\ponti\AppData\Local\Temp\xcAsnao.4 --defsym=__MPLAB_BUILD=1 \
  -Mdist/default/production/Lab5.X.production.map \
  --md=C:\Users\ponti\AppData\Local\Temp\xcAsnao.dat -E1 -ver=XC8 Compiler \
  --acfsm=1493 -ACODE=00h-07FFhx4 -ASTRCODE=00h-01FFFh -ASTRING=00h-0FFhx32 \
  -ACONST=00h-0FFhx32 -AENTRY=00h-0FFhx32 -ACOMMON=070h-07Fh \
  -ABANK0=020h-06Fh -ABANK1=0A0h-0EFh -ABANK2=0110h-016Fh \
  -ABANK3=0190h-01EFh -ARAM=020h-06Fh,0A0h-0EFh,0110h-016Fh,0190h-01EFh \
  -AABS1=020h-07Fh,0A0h-0EFh,0110h-016Fh,0190h-01EFh -ASFR0=00h-01Fh \
  -ASFR1=080h-09Fh -ASFR2=0100h-010Fh -ASFR3=0180h-018Fh \
  -ACONFIG=02007h-02008h -DCONFIG=2 -AIDLOC=02000h-02003h -DIDLOC=2 \
  -AEEDATA=00h-0FFh/02100h -peeprom_data=EEDATA -DEEDATA=2 -DCODE=2 \
  -DSTRCODE=2 -DSTRING=2 -DCONST=2 -DENTRY=2 \
  -preset_vec=00h,intentry=04h,init,end_init -ppowerup=CODE -pcinit=CODE \
  -pfunctab=ENTRY -k C:\Users\ponti\AppData\Local\Temp\xcAsnao.o \
  dist/default/production\Lab5.X.production.o 

Object code version is 3.11

Machine type is 16F886



                Name                               Link     Load   Length Selector   Space Scale
C:\Users\ponti\AppData\Local\Temp\xcAsnao.o
                end_init                              C        C        3        8       0
                reset_vec                             0        0        3        0       0
                config                             2007     2007        2        0       4
                idloc                              2000     2000        4        0       5
dist/default/production\Lab5.X.production.o
                cinit                                 F        F        5        8       0
                intentry                              4        4        8        8       0
                config                             2007     2007        2        0       4
                idloc                              2000     2000        4        0       5
                text5                                14       14       2F        8       0
                text4                                8A       8A        C        8       0
                text3                                96       96        6        8       0
                text2                                7B       7B        F        8       0
                text1                                69       69       12        8       0
                maintext                             43       43       26        8       0
                cstackCOMMON                         70       70        9       70       1
                bssCOMMON                            79       79        1       70       1

TOTAL           Name                               Link     Load   Length     Space
        CLASS   CODE           
                end_init                              C        C        3         0
                cinit                                 F        F        5         0
                intentry                              4        4        8         0
                reset_vec                             0        0        3         0
                text5                                14       14       2F         0
                text4                                8A       8A        C         0
                text3                                96       96        6         0
                text2                                7B       7B        F         0
                text1                                69       69       12         0
                maintext                             43       43       26         0

        CLASS   STRCODE        

        CLASS   STRING         

        CLASS   CONST          

        CLASS   ENTRY          

        CLASS   COMMON         
                cstackCOMMON                         70       70        9         1
                bssCOMMON                            79       79        1         1

        CLASS   BANK0          

        CLASS   BANK1          

        CLASS   BANK2          

        CLASS   BANK3          

        CLASS   RAM            

        CLASS   ABS1           
                abs_s1                               7E       7E        2         1

        CLASS   SFR0           

        CLASS   SFR1           

        CLASS   SFR2           

        CLASS   SFR3           

        CLASS   CONFIG         
                config                             2007     2007        2         4

        CLASS   IDLOC          
                idloc                              2000     2000        4         5

        CLASS   EEDATA         

        CLASS   STACK          



SEGMENTS        Name                           Load    Length   Top    Selector   Space  Class     Delta

                reset_vec                      000000  000003  000003         0       0  CODE        2
                intentry                       000004  000098  00009C         8       0  CODE        2
                cstackCOMMON                   000070  00000A  00007A        70       1  COMMON      1


UNUSED ADDRESS RANGES

        Name                Unused          Largest block    Delta
        BANK0            0020-006F             50           1
        BANK1            00A0-00EF             50           1
        BANK2            0110-016F             60           1
        BANK3            0190-01EF             60           1
        CODE             0003-0003              1           2
                         009C-1FFF            800
        COMMON           007A-007D              4           1
        CONST            0003-0003              1           2
                         009C-1FFF            100
        EEDATA           2100-21FF            100           2
        ENTRY            0003-0003              1           2
                         009C-1FFF            100
        RAM              0020-006F             50           1
                         00A0-00EF             50
                         0110-016F             60
                         0190-01EF             60
        SFR0             0000-001F             20           1
        SFR1             0080-009F             20           1
        SFR2             0100-010F             10           1
        SFR3             0180-018F             10           1
        STRCODE          0003-0003              1           2
                         009C-1FFF           1F64
        STRING           0003-0003              1           2
                         009C-1FFF            100

                                  Symbol Table

UART_Write@data          cstackCOMMON 0075
_ANSEL                   (abs)        0188
_ANSELH                  (abs)        0189
_BRGH                    (abs)        04C2
_CREN                    (abs)        00C4
_INTCONbits              (abs)        000B
_PIE1bits                (abs)        008C
_PORTB                   (abs)        0006
_RB0                     (abs)        0030
_RB1                     (abs)        0031
_RCIF                    (abs)        0065
_RCREG                   (abs)        001A
_SPBRG                   (abs)        0099
_SPEN                    (abs)        00C7
_SYNC                    (abs)        04C4
_TRISB                   (abs)        0086
_TRISBbits               (abs)        0086
_TRISC                   (abs)        0087
_TRISCbits               (abs)        0087
_TRMT                    (abs)        04C1
_TXEN                    (abs)        04C5
_TXIF                    (abs)        0064
_TXREG                   (abs)        0019
_TXSTAbits               (abs)        0098
_UART_Write              text4        008A
__Habs1                  abs1         0000
__Hbank0                 bank0        0000
__Hbank1                 bank1        0000
__Hbank2                 bank2        0000
__Hbank3                 bank3        0000
__HbssCOMMON             bssCOMMON    0000
__Hcinit                 cinit        0014
__Hclrtext               clrtext      0000
__Hcode                  code         0000
__Hcommon                common       0000
__Hconfig                config       2009
__HcstackCOMMON          cstackCOMMON 0000
__Heeprom_data           eeprom_data  0000
__Hend_init              end_init     000F
__Hfunctab               functab      0000
__Hidloc                 idloc        2004
__Hinit                  init         000C
__Hintentry              intentry     000C
__Hmaintext              maintext     0000
__Hpowerup               powerup      0000
__Hram                   ram          0000
__Hreset_vec             reset_vec    0003
__Hsfr0                  sfr0         0000
__Hsfr1                  sfr1         0000
__Hsfr2                  sfr2         0000
__Hsfr3                  sfr3         0000
__Hspace_0               (abs)        009C
__Hspace_1               (abs)        007A
__Hspace_2               (abs)        0000
__Hspace_3               (abs)        0000
__Hspace_4               (abs)        4010
__Hstack                 stack        0000
__Hstrings               strings      0000
__Htext                  text         0000
__Labs1                  abs1         0000
__Lbank0                 bank0        0000
__Lbank1                 bank1        0000
__Lbank2                 bank2        0000
__Lbank3                 bank3        0000
__LbssCOMMON             bssCOMMON    0000
__Lcinit                 cinit        000F
__Lclrtext               clrtext      0000
__Lcode                  code         0000
__Lcommon                common       0000
__Lconfig                config       0000
__LcstackCOMMON          cstackCOMMON 0000
__Leeprom_data           eeprom_data  0000
__Lend_init              end_init     000C
__Lfunctab               functab      0000
__Lidloc                 idloc        0000
__Linit                  init         000C
__Lintentry              intentry     0004
__Lmaintext              maintext     0000
__Lpowerup               powerup      0000
__Lram                   ram          0000
__Lreset_vec             reset_vec    0000
__Lsfr0                  sfr0         0000
__Lsfr1                  sfr1         0000
__Lsfr2                  sfr2         0000
__Lsfr3                  sfr3         0000
__Lspace_0               (abs)        0000
__Lspace_1               (abs)        0000
__Lspace_2               (abs)        0000
__Lspace_3               (abs)        0000
__Lspace_4               (abs)        0000
__Lstack                 stack        0000
__Lstrings               strings      0000
__Ltext                  text         0000
__S0                     (abs)        009C
__S1                     (abs)        007A
__S3                     (abs)        0000
___int_sp                stack        0000
___latbits               (abs)        0002
___sp                    stack        0000
___stackhi               (abs)        0000
___stacklo               (abs)        0000
__end_of_UART_Write      text4        0096
__end_of__initialization cinit        0010
__end_of_isr_tx          text5        0043
__end_of_main            maintext     0069
__end_of_setupISRTx      text3        009C
__end_of_setupLED        text2        008A
__end_of_setupUART       text1        007B
__initialization         cinit        000F
__pbssCOMMON             bssCOMMON    0079
__pcstackCOMMON          cstackCOMMON 0070
__pintentry              intentry     0004
__pmaintext              maintext     0043
__ptext1                 text1        0069
__ptext2                 text2        007B
__ptext3                 text3        0096
__ptext4                 text4        008A
__ptext5                 text5        0014
_isr_tx                  text5        0014
_main                    maintext     0043
_setupISRTx              text3        0096
_setupLED                text2        007B
_setupUART               text1        0069
btemp                    (abs)        007E
end_of_initialization    cinit        0010
interrupt_function       intentry     0004
intlevel0                functab      0000
intlevel1                functab      0000
intlevel2                functab      0000
intlevel3                functab      0000
intlevel4                functab      0000
intlevel5                functab      0000
reset_vec                reset_vec    0000
saved_w                  (abs)        007E
start                    init         000C
start_initialization     cinit        000F
wtemp0                   (abs)        007E


MODULE INFORMATION

Module		Function		Class		Link	Load	Size
shared
		__initialization		CODE           	000F	0000	1

shared estimated size: 1

main.c
		_setupISRTx    		CODE           	0096	0000	6
		_main          		CODE           	0043	0000	38
		_setupLED      		CODE           	007B	0000	15
		_setupUART     		CODE           	0069	0000	18
		_UART_Write    		CODE           	008A	0000	12
		_isr_tx        		CODE           	0014	0000	47

main.c estimated size: 136

